[2026-03-23 12:04:53] AJAX Request detected
[2026-03-23 12:04:53] Input: Array
(
    [component] => test-counter_69c12b8317fdf
    [action] => increment
    [params] => Array
        (
        )

)

[2026-03-23 12:04:53] Action called - instanceId: test-counter_69c12b8317fdf, action: increment
[2026-03-23 12:04:53] Component name: test-counter
[2026-03-23 12:04:53] Error: Component 'test-counter' not found
[2026-03-23 12:09:18] AJAX Request detected
[2026-03-23 12:09:18] Input: Array
(
    [component] => test-counter_69c12b8317fdf
    [action] => increment
    [params] => Array
        (
        )

)

[2026-03-23 12:09:18] Action called - instanceId: test-counter_69c12b8317fdf, action: increment
[2026-03-23 12:09:18] Component name: test-counter
[2026-03-23 12:09:18] Error: Component 'test-counter' not found
[2026-03-23 12:10:28] AJAX Request detected
[2026-03-23 12:10:28] Input: Array
(
    [component] => test-counter_69c12b8317fdf
    [action] => increment
    [params] => Array
        (
        )

)

[2026-03-23 12:10:28] Action called - instanceId: test-counter_69c12b8317fdf, action: increment
[2026-03-23 12:10:28] Component name: test-counter
[2026-03-23 12:10:28] Error: Component 'test-counter' not found
[2026-03-23 13:03:29] AJAX Request detected
[2026-03-23 13:03:29] Input: Array
(
    [component] => working-counter
    [instance] => working-counter_69c13a1f930da
    [action] => increment
    [params] => Array
        (
        )

    [_token] => 98568aed246552ae94e387903ba3ba32ada64224998ec622e09cb4d15d7d6996
)

[2026-03-23 13:03:29] Action called - instanceId: working-counter_69c13a1f930da, action: increment
[2026-03-23 13:03:29] Component name: working-counter
[2026-03-23 13:03:29] AJAX Request detected
[2026-03-23 13:03:29] Input: Array
(
    [component] => working-counter
    [instance] => working-counter_69c13a1f930da
    [action] => decrement
    [params] => Array
        (
        )

    [_token] => 98568aed246552ae94e387903ba3ba32ada64224998ec622e09cb4d15d7d6996
)

[2026-03-23 13:03:29] Action called - instanceId: working-counter_69c13a1f930da, action: decrement
[2026-03-23 13:03:29] Component name: working-counter
[2026-03-23 13:03:30] AJAX Request detected
[2026-03-23 13:03:30] Input: Array
(
    [component] => working-counter
    [instance] => working-counter_69c13a1f930da
    [action] => increment
    [params] => Array
        (
        )

    [_token] => 98568aed246552ae94e387903ba3ba32ada64224998ec622e09cb4d15d7d6996
)

[2026-03-23 13:03:30] Action called - instanceId: working-counter_69c13a1f930da, action: increment
[2026-03-23 13:03:30] Component name: working-counter
[2026-03-23 13:03:31] AJAX Request detected
[2026-03-23 13:03:31] Input: Array
(
    [component] => working-counter
    [instance] => working-counter_69c13a1f930da
    [action] => increment
    [params] => Array
        (
        )

    [_token] => 98568aed246552ae94e387903ba3ba32ada64224998ec622e09cb4d15d7d6996
)

[2026-03-23 13:03:31] Action called - instanceId: working-counter_69c13a1f930da, action: increment
[2026-03-23 13:03:31] Component name: working-counter
[2026-03-23 13:03:31] AJAX Request detected
[2026-03-23 13:03:31] Input: Array
(
    [component] => working-counter
    [instance] => working-counter_69c13a1f930da
    [action] => increment
    [params] => Array
        (
        )

    [_token] => 98568aed246552ae94e387903ba3ba32ada64224998ec622e09cb4d15d7d6996
)

[2026-03-23 13:03:31] Action called - instanceId: working-counter_69c13a1f930da, action: increment
[2026-03-23 13:03:31] Component name: working-counter
[2026-03-23 13:03:32] AJAX Request detected
[2026-03-23 13:03:32] Input: Array
(
    [component] => working-counter
    [instance] => working-counter_69c13a1f930da
    [action] => decrement
    [params] => Array
        (
        )

    [_token] => 98568aed246552ae94e387903ba3ba32ada64224998ec622e09cb4d15d7d6996
)

[2026-03-23 13:03:32] Action called - instanceId: working-counter_69c13a1f930da, action: decrement
[2026-03-23 13:03:32] Component name: working-counter
[2026-03-23 13:03:33] AJAX Request detected
[2026-03-23 13:03:33] Input: Array
(
    [component] => working-counter
    [instance] => working-counter_69c13a1f930da
    [action] => decrement
    [params] => Array
        (
        )

    [_token] => 98568aed246552ae94e387903ba3ba32ada64224998ec622e09cb4d15d7d6996
)

[2026-03-23 13:03:33] Action called - instanceId: working-counter_69c13a1f930da, action: decrement
[2026-03-23 13:03:33] Component name: working-counter
[2026-03-23 13:25:27] AJAX Request detected
[2026-03-23 13:25:27] Input: Array
(
    [component] => registration-form
    [instance] => registration_69c13f2b141fa
    [action] => register
    [params] => Array
        (
            [name] => Samuel Tagoe
            [email] => samuel@gmail.com
            [password] => darkplace
            [password_confirmation] => darkplace
        )

    [_token] => a2e4cfc4014178b0e1f2765fe14e1247b068004535768d0610f297f51101cafe
)

[2026-03-23 13:25:27] Action called - instanceId: registration_69c13f2b141fa, action: register
[2026-03-23 13:25:27] Component name: registration-form
[2026-03-23 13:25:27] Error: Component 'registration-form' not found
[2026-03-23 13:25:40] AJAX Request detected
[2026-03-23 13:25:40] Input: Array
(
    [component] => registration-form
    [instance] => registration_69c13f2b141fa
    [action] => register
    [params] => Array
        (
            [name] => Samuel Tagoe
            [email] => samuel@gmail.com
            [password] => darkplace
            [password_confirmation] => 
        )

    [_token] => a2e4cfc4014178b0e1f2765fe14e1247b068004535768d0610f297f51101cafe
)

[2026-03-23 13:25:40] Action called - instanceId: registration_69c13f2b141fa, action: register
[2026-03-23 13:25:40] Component name: registration-form
[2026-03-23 13:25:40] Error: Component 'registration-form' not found
[2026-03-23 13:26:32] AJAX Request detected
[2026-03-23 13:26:32] Input: Array
(
    [component] => registration-form
    [instance] => registration_69c13f776b8b1
    [action] => register
    [params] => Array
        (
            [name] => Samuel Tagoe
            [email] => samuel@gmail.com
            [password] => darkplacee
            [password_confirmation] => darkplace
        )

    [_token] => ac2d3e303a0ac15742aea65745fda94f45fe16031e9242da952362e8f6585f61
)

[2026-03-23 13:26:32] Action called - instanceId: registration_69c13f776b8b1, action: register
[2026-03-23 13:26:32] Component name: registration-form
[2026-03-23 13:26:32] Error: Component 'registration-form' not found
[2026-03-23 13:34:07] AJAX Request detected
[2026-03-23 13:34:07] Input: Array
(
    [component] => registration-form
    [instance] => registration_69c141402003a
    [action] => register
    [params] => Array
        (
            [name] => Samuel Tagoe
            [email] => jhay@luxid.dev
            [password] => darkplace
            [password_confirmation] => darkplace
        )

    [_token] => 278a14f573a808fc36665487dbdcd0faf282b34c7fa94ff5196575b52be2c225
)

[2026-03-23 13:34:07] Action called - instanceId: registration_69c141402003a, action: register
[2026-03-23 13:34:07] Component name: registration-form
[2026-03-23 13:37:46] AJAX Request detected
[2026-03-23 13:37:46] Input: Array
(
    [component] => registration-form
    [instance] => registration_69c1421b6345b
    [action] => register
    [params] => Array
        (
            [name] => Samuel Tagoe
            [email] => jhay@luxid.dev
            [password] => darkplace
            [password_confirmation] => darkplace
        )

    [_token] => 406a45c7a0683889bb10d2777dea5ef3641d9e5f3aff69c76649d427022aff83
)

[2026-03-23 13:37:46] Action called - instanceId: registration_69c1421b6345b, action: register
[2026-03-23 13:37:46] Component name: registration-form
